// Jest Snapshot v1, https://goo.gl/fbAQLP

exports[`Article component renders Article 1`] = `
<DocumentFragment>
  <div
    class="Article"
  >
    <h1>
      <a />
    </h1>
    <span>
      Author: 
    </span>
    <img />
    <div />
  </div>
</DocumentFragment>
`;
