// Jest Snapshot v1, https://goo.gl/fbAQLP

exports[`App component renders App 1`] = `
<DocumentFragment>
  <div
    class="Search"
  >
    <form>
      <label
        for="searchTerm"
      >
        Search Term: 
      </label>
      <input
        name="searchTerm"
        type="text"
        value=""
      />
      <button
        type="submit"
      >
        Find stuff!
      </button>
    </form>
  </div>
  <img
    alt="Loading image"
    class="Loading"
    src="https://media2.giphy.com/media/VX7yEoXAFf8as/giphy.gif?cid=ecf05e4714820610a938062b743ae2f89b060ff8d9b4d596&rid=giphy.gif"
  />
</DocumentFragment>
`;
